

COMMAND=
/usr/bin/python3 -u /content/rsfm-fairness-audit/scripts/colab/run_fmow_dofav2_final_colab.py --metadata-csv /content/fmow_formal_split_v1/fmow_formal_manifest_train_calibration_test.csv --data-root /content/data/fmow_sentinel_clean_subset_30k_location_disjoint_v3_merged --model-config /content/rsfm-fairness-audit/configs/models/dofav2_fmow_sentinel.yaml --dofa-repo /content/rsfm_model_repos/dofa --checkpoint /content/rsfm_model_assets/dofav2_vit_base_e150.pth --output-dir /content/outputs/geobwer_final_v2/fmow_dofav2 --persistent-output-dir /content/drive/MyDrive/rsfm_fairness_audit/outputs/geobwer_final_v2/fmow_dofav2 --calibration-split calibration --test-split test --batch-size 16 --probe-epochs 200 --probe-learning-rate 0.01 --audit-bootstrap 2000 --device cuda --seed 42

[info] DOFA band profile: sentinel2_9_legacy expected_bands=9 input_channels=9
[dofa:runtime] resolved_device=cuda cuda_available=True gpu=NVIDIA A100-SXM4-80GB model_parameter_device=cuda:0 input_tensor_device=cuda:0
[cache] wrote DOFA embeddings split=train path=/content/outputs/geobwer_final_v2/fmow_dofav2/embedding_cache/dofa_train_2c45c46225bba03e5178.npz
[cache] wrote DOFA embeddings split=calibration path=/content/outputs/geobwer_final_v2/fmow_dofav2/embedding_cache/dofa_calibration_0458aa68643e131a9044.npz
[cache] wrote DOFA embeddings split=test path=/content/outputs/geobwer_final_v2/fmow_dofav2/embedding_cache/dofa_test_4be1b6d19d3d17dd9bd9.npz
[persistent-cache] dofav2-embeddings-complete: copied=7 source=/content/outputs/geobwer_final_v2/fmow_dofav2 destination=/content/drive/MyDrive/rsfm_fairness_audit/outputs/geobwer_final_v2/fmow_dofav2
[probe] training linear probe embeddings=(21046, 768) classes=62 epochs=200 device=cuda
[probe] epoch=1/200 loss=8.010572
[probe] epoch=25/200 loss=5.848292
[probe] epoch=50/200 loss=5.328652
[probe] epoch=75/200 loss=5.068227
[probe] epoch=100/200 loss=4.871311
[probe] epoch=125/200 loss=4.694760
[probe] epoch=150/200 loss=4.608483
[probe] epoch=175/200 loss=4.406154
[probe] epoch=200/200 loss=4.363567
[persistent-cache] dofav2-probe-complete: copied=6 source=/content/outputs/geobwer_final_v2/fmow_dofav2 destination=/content/drive/MyDrive/rsfm_fairness_audit/outputs/geobwer_final_v2/fmow_dofav2
[persistent-cache] dofav2-formal-campaign-complete: copied=76 source=/content/outputs/geobwer_final_v2/fmow_dofav2 destination=/content/drive/MyDrive/rsfm_fairness_audit/outputs/geobwer_final_v2/fmow_dofav2
[fmow:dofav2] complete: /content/outputs/geobwer_final_v2/fmow_dofav2
formal_audit_table: /content/outputs/geobwer_final_v2/fmow_dofav2/formal_outputs/formal_audit_table.csv
formal_output_manifest: /content/outputs/geobwer_final_v2/fmow_dofav2/formal_outputs/formal_output_manifest.json
calibration_probabilities: /content/outputs/geobwer_final_v2/fmow_dofav2/calibration_probabilities.npz
calibration_manifest: /content/outputs/geobwer_final_v2/fmow_dofav2/calibration_manifest.json
probe_checkpoint: /content/outputs/geobwer_final_v2/fmow_dofav2/dofa_linear_probe_checkpoint.pt
geobwer_summary: /content/outputs/geobwer_final_v2/fmow_dofav2/geobwer_raw/geobwer_summary.csv
standardized_summary: /content/outputs/geobwer_final_v2/fmow_dofav2/geobwer_standardized/geobwer_summary.csv
uncertainty_summary: /content/outputs/geobwer_final_v2/fmow_dofav2/uncertainty_extensions/uncertainty_summary.csv
run_manifest: /content/outputs/geobwer_final_v2/fmow_dofav2/run_manifest.json
